Fetching: https://docs.crestron.com/en-us/9440/Content/Topics/NextGenCameras/Configuration/1%20Beyond%20Camera%20Manager%20System%20Installation.htm
Fetching: https://docs.crestron.com/en-us/9440/Content/Topics/NextGenCameras/Configuration/Access-Camera-Feeds.htm
Fetching: https://docs.crestron.com/en-us/9440/Content/Topics/NextGenCameras/Configuration/Add-Cameras.htm
Fetching: https://docs.crestron.com/en-us/9440/Content/Topics/NextGenCameras/Configuration/Advanced-Settings.htm
Fetching: https://docs.crestron.com/en-us/9440/Content/Topics/NextGenCameras/Configuration/Blocking-Zones.htm
Fetching: https://docs.crestron.com/en-us/9440/Content/Topics/NextGenCameras/Configuration/Camera-Controls.htm
Fetching: https://docs.crestron.com/en-us/9440/Content/Topics/NextGenCameras/Configuration/Change-the-Camera-Mode.htm
Fetching: https://docs.crestron.com/en-us/9440/Content/Topics/NextGenCameras/Configuration/Custom-Intelligent-Switching-Config.htm
Fetching: https://docs.crestron.com/en-us/9440/Content/Topics/NextGenCameras/Configuration/Device-Configuration.htm
Fetching: https://docs.crestron.com/en-us/9440/Content/Topics/NextGenCameras/Configuration/Group-Framing-Settings.htm
Fetching: https://docs.crestron.com/en-us/9440/Content/Topics/NextGenCameras/Configuration/Initial-Setup.htm
Fetching: https://docs.crestron.com/en-us/9440/Content/Topics/NextGenCameras/Configuration/Intelligent-Settings.htm
Fetching: https://docs.crestron.com/en-us/9440/Content/Topics/NextGenCameras/Configuration/Intelligent-Switching-Connection-Requirements.htm
Fetching: https://docs.crestron.com/en-us/9440/Content/Topics/NextGenCameras/Configuration/Intelligent-Switching-Design.htm
Fetching: https://docs.crestron.com/en-us/9440/Content/Topics/NextGenCameras/Configuration/Intelligent-Switching-Output.htm
Fetching: https://docs.crestron.com/en-us/9440/Content/Topics/NextGenCameras/Configuration/Multi-Camera-Switching-Config.htm
Fetching: https://docs.crestron.com/en-us/9440/Content/Topics/NextGenCameras/Configuration/On-Screen-Display(OSD)-Menu.htm
Fetching: https://docs.crestron.com/en-us/9440/Content/Topics/NextGenCameras/Configuration/Perform-a-Factory-Restore.htm
Fetching: https://docs.crestron.com/en-us/9440/Content/Topics/NextGenCameras/Configuration/Presenter-Tracking-Settings.htm
Fetching: https://docs.crestron.com/en-us/9440/Content/Topics/NextGenCameras/Configuration/Preset-Zones.htm
Fetching: https://docs.crestron.com/en-us/9440/Content/Topics/NextGenCameras/Configuration/PTZ-Alignment.htm
Fetching: https://docs.crestron.com/en-us/9440/Content/Topics/NextGenCameras/Configuration/Reserved-Presets.htm
Fetching: https://docs.crestron.com/en-us/9440/Content/Topics/NextGenCameras/Configuration/Set-a-Static-IP-Address.htm
Fetching: https://docs.crestron.com/en-us/9440/Content/Topics/NextGenCameras/Configuration/Set-the-Tracking-Shots.htm
Fetching: https://docs.crestron.com/en-us/9440/Content/Topics/NextGenCameras/Configuration/Set-the-Tracking-Zone.htm
Fetching: https://docs.crestron.com/en-us/9440/Content/Topics/NextGenCameras/Configuration/Speaker-Tracking-Settings.htm
Fetching: https://docs.crestron.com/en-us/9440/Content/Topics/NextGenCameras/Configuration/Tracking-Profiles.htm
Fetching: https://docs.crestron.com/en-us/9440/Content/Topics/NextGenCameras/Configuration/Tracking-Settings.htm
Fetching: https://docs.crestron.com/en-us/9440/Content/Topics/NextGenCameras/Configuration/Update-Firmware.htm
Fetching: https://docs.crestron.com/en-us/9440/Content/Topics/NextGenCameras/Configuration/VISCA-Commands.htm
Fetching: https://docs.crestron.com/en-us/9440/Content/Topics/NextGenCameras/Configuration/VISCA-Intelligent-Switching-Commands.htm
Fetching: https://docs.crestron.com/en-us/9440/Content/Topics/NextGenCameras/Configuration/VISCA-Lightbar-Commands.htm
Fetching: https://docs.crestron.com/en-us/9440/Content/Topics/NextGenCameras/Configuration/Visual-Cue-Intelligent-Switching-Config.htm
Fetching: https://docs.crestron.com/en-us/9440/Content/Topics/NextGenCameras/Installation/Cameras-In-The-Box.htm
Fetching: https://docs.crestron.com/en-us/9440/Content/Topics/NextGenCameras/Installation/Connect-the-Camera.htm
Fetching: https://docs.crestron.com/en-us/9440/Content/Topics/NextGenCameras/Installation/Connect-the-IV-CAM-I12D-B-Camera.htm
Fetching: https://docs.crestron.com/en-us/9440/Content/Topics/NextGenCameras/Installation/Install-the-Mounting-Hardware.htm
Fetching: https://docs.crestron.com/en-us/9440/Content/Topics/NextGenCameras/Installation/IV-CAM-I12D-B-Mounting.htm
Fetching: https://docs.crestron.com/en-us/9440/Content/Topics/NextGenCameras/Installation/IV-CAMA-UMB-Installation.htm
Fetching: https://docs.crestron.com/en-us/9440/Content/Topics/NextGenCameras/Installation/IVA-CMT-BRKTJ-1B-Installation.htm
Fetching: https://docs.crestron.com/en-us/9440/Content/Topics/NextGenCameras/Installation/IVA-WMT-BRKT-1B-Installation.htm
Fetching: https://docs.crestron.com/en-us/9440/Content/Topics/NextGenCameras/Installation/Mounting-Requirements.htm
Fetching: https://docs.crestron.com/en-us/9440/Content/Topics/NextGenCameras/Overview/Accessory-Features/IV-CAMA-REMOTE-Features.htm
Fetching: https://docs.crestron.com/en-us/9440/Content/Topics/NextGenCameras/Overview/Accessory-Features/IV-CAMA-UMB-Features.htm
Fetching: https://docs.crestron.com/en-us/9440/Content/Topics/NextGenCameras/Overview/Accessory-Features/IVA-WMT-BRKT-1B-Features.htm
Fetching: https://docs.crestron.com/en-us/9440/Content/Topics/NextGenCameras/Overview/Accessory-Features/PW-1225DU-Features.htm
Fetching: https://docs.crestron.com/en-us/9440/Content/Topics/NextGenCameras/Overview/IV-CAM-I12-GV-B%20Features.htm
Fetching: https://docs.crestron.com/en-us/9440/Content/Topics/NextGenCameras/Overview/IV-CAM-I12%20Features.htm
Fetching: https://docs.crestron.com/en-us/9440/Content/Topics/NextGenCameras/Overview/IV-CAM-i12D-SpecText.htm
Fetching: https://docs.crestron.com/en-us/9440/Content/Topics/NextGenCameras/Overview/IV-CAM-I20-GV-B%20Features.htm
Fetching: https://docs.crestron.com/en-us/9440/Content/Topics/NextGenCameras/Overview/IV-CAM-I20%20Features.htm
Fetching: https://docs.crestron.com/en-us/9440/Content/Topics/NextGenCameras/Overview/IV-CAM-P12%20Features.htm
Fetching: https://docs.crestron.com/en-us/9440/Content/Topics/NextGenCameras/Overview/IV-CAM-P20-GV-B%20Features.htm
Fetching: https://docs.crestron.com/en-us/9440/Content/Topics/NextGenCameras/Overview/IV-CAM-P20%20Features.htm
Fetching: https://docs.crestron.com/en-us/9440/Content/Topics/NextGenCameras/Specifications/Accessory-Specs/IV-CAMA-REMOTE-Specs.htm
Fetching: https://docs.crestron.com/en-us/9440/Content/Topics/NextGenCameras/Specifications/Accessory-Specs/IV-CAMA-UMB-Specs.htm
Fetching: https://docs.crestron.com/en-us/9440/Content/Topics/NextGenCameras/Specifications/Accessory-Specs/IVA-CMT-BRKTJ-1B-Specs.htm
Fetching: https://docs.crestron.com/en-us/9440/Content/Topics/NextGenCameras/Specifications/Accessory-Specs/IVA-WMT-BRKT-1B-Specs.htm
Fetching: https://docs.crestron.com/en-us/9440/Content/Topics/NextGenCameras/Specifications/Accessory-Specs/PW-1225DU-Specs.htm
Fetching: https://docs.crestron.com/en-us/9440/Content/Topics/NextGenCameras/Specifications/Camera-Specifications.htm
Fetching: https://docs.crestron.com/en-us/9440/Content/Topics/NextGenCameras/Specifications/I12Specs.htm
Fetching: https://docs.crestron.com/en-us/9440/Content/Topics/NextGenCameras/Specifications/I20Specs.htm
Fetching: https://docs.crestron.com/en-us/9440/Content/Topics/NextGenCameras/Specifications/P12Specs.htm
Fetching: https://docs.crestron.com/en-us/9440/Content/Topics/NextGenCameras/Specifications/P20Specs.htm
Fetching: https://docs.crestron.com/en-us/9440/Content/Topics/Trademarks/Trademarks.htm
